


ARM Macro Assembler    Page 1 


    1 00000000         ;lightS.s
    2 00000000         ;Function to intialize pins for LEDs
    3 00000000         
    4 00000000 400FE608 
                       SYSCTL_RCGCGPIO_R
                               EQU              0x400FE608
    5 00000000 400253FC 
                       GPIO_PORTF_DATA_R
                               EQU              0x400253FC
    6 00000000 40025400 
                       GPIO_PORTF_DIR_R
                               EQU              0x40025400
    7 00000000 4002551C 
                       GPIO_PORTF_DEN_R
                               EQU              0x4002551C
    8 00000000 400043FC 
                       GPIO_PORTA_DATA_R
                               EQU              0x400043FC
    9 00000000 40025510 
                       GPIO_PORTF_PUR_R
                               EQU              0x40025510
   10 00000000 40025520 
                       GPIO_PORTF_LOCK_R
                               EQU              0x40025520
   11 00000000 40025524 
                       GPIO_PORTF_CR_R
                               EQU              0x40025524
   12 00000000 4C4F434B 
                       GPIO_LOCK_KEY
                               EQU              0x4C4F434B
   13 00000000         
   14 00000000                 AREA             |.text|, CODE,READONLY,ALIGN=2
   15 00000000                 THUMB
   16 00000000                 EXPORT           LIGHTS_Init
   17 00000000         
   18 00000000         LIGHTS_Init
   19 00000000         ;TODO -Take out code for
   20 00000000         ;btn init later
   21 00000000 490A            LDR              R1,=SYSCTL_RCGCGPIO_R
   22 00000002 6808            LDR              R0,[R1]
   23 00000004 F040 0020       ORR              R0,R0,#0x20
   24 00000008 6008            STR              R0,[R1]
   25 0000000A         
   26 0000000A 4909            LDR              R1,=GPIO_PORTF_LOCK_R
   27 0000000C 4809            LDR              R0,=0x4C4F434B
   28 0000000E 6008            STR              R0,[R1]
   29 00000010         
   30 00000010 4909            LDR              R1,=GPIO_PORTF_CR_R
   31 00000012 F04F 00FF       MOV              R0,#0xFF
   32 00000016 6008            STR              R0,[R1]
   33 00000018         
   34 00000018 4908            LDR              R1,=GPIO_PORTF_DIR_R
   35 0000001A F04F 000E       MOV              R0,#0x0E
   36 0000001E 6008            STR              R0,[R1]
   37 00000020         
   38 00000020 4907            LDR              R1,=GPIO_PORTF_DEN_R
   39 00000022 F04F 00FF       MOV              R0,#0xFF
   40 00000026 6008            STR              R0,[R1]
   41 00000028 4770            BX               LR



ARM Macro Assembler    Page 2 


   42 0000002A 00 00           ALIGN
   43 0000002C                 END
              400FE608 
              40025520 
              4C4F434B 
              40025524 
              40025400 
              4002551C 
Command Line: --debug --xref --diag_suppress=9931 --cpu=Cortex-M4.fp --apcs=int
erwork --depend=.\objects\light.d -o.\objects\light.o -I.\RTE\_TM4123 -IC:\Keil
_v5\ARM\PACK\ARM\CMSIS\5.7.0\CMSIS\Core\Include -IC:\Keil_v5\ARM\PACK\Keil\TM4C
_DFP\1.1.0\Device\Include\TM4C123 --predefine="__UVISION_VERSION SETA 523" --pr
edefine="_RTE_ SETA 1" --predefine="TM4C1230H6PM SETA 1" --list=.\listings\ligh
t.lst light.s



ARM Macro Assembler    Page 1 Alphabetic symbol ordering
Relocatable symbols

.text 00000000

Symbol: .text
   Definitions
      At line 14 in file light.s
   Uses
      None
Comment: .text unused
LIGHTS_Init 00000000

Symbol: LIGHTS_Init
   Definitions
      At line 18 in file light.s
   Uses
      At line 16 in file light.s
Comment: LIGHTS_Init used once
2 symbols



ARM Macro Assembler    Page 1 Alphabetic symbol ordering
Absolute symbols

GPIO_LOCK_KEY 4C4F434B

Symbol: GPIO_LOCK_KEY
   Definitions
      At line 12 in file light.s
   Uses
      None
Comment: GPIO_LOCK_KEY unused
GPIO_PORTA_DATA_R 400043FC

Symbol: GPIO_PORTA_DATA_R
   Definitions
      At line 8 in file light.s
   Uses
      None
Comment: GPIO_PORTA_DATA_R unused
GPIO_PORTF_CR_R 40025524

Symbol: GPIO_PORTF_CR_R
   Definitions
      At line 11 in file light.s
   Uses
      At line 30 in file light.s
Comment: GPIO_PORTF_CR_R used once
GPIO_PORTF_DATA_R 400253FC

Symbol: GPIO_PORTF_DATA_R
   Definitions
      At line 5 in file light.s
   Uses
      None
Comment: GPIO_PORTF_DATA_R unused
GPIO_PORTF_DEN_R 4002551C

Symbol: GPIO_PORTF_DEN_R
   Definitions
      At line 7 in file light.s
   Uses
      At line 38 in file light.s
Comment: GPIO_PORTF_DEN_R used once
GPIO_PORTF_DIR_R 40025400

Symbol: GPIO_PORTF_DIR_R
   Definitions
      At line 6 in file light.s
   Uses
      At line 34 in file light.s
Comment: GPIO_PORTF_DIR_R used once
GPIO_PORTF_LOCK_R 40025520

Symbol: GPIO_PORTF_LOCK_R
   Definitions
      At line 10 in file light.s
   Uses
      At line 26 in file light.s
Comment: GPIO_PORTF_LOCK_R used once
GPIO_PORTF_PUR_R 40025510

Symbol: GPIO_PORTF_PUR_R



ARM Macro Assembler    Page 2 Alphabetic symbol ordering
Absolute symbols

   Definitions
      At line 9 in file light.s
   Uses
      None
Comment: GPIO_PORTF_PUR_R unused
SYSCTL_RCGCGPIO_R 400FE608

Symbol: SYSCTL_RCGCGPIO_R
   Definitions
      At line 4 in file light.s
   Uses
      At line 21 in file light.s
Comment: SYSCTL_RCGCGPIO_R used once
9 symbols
347 symbols in table
